// Jest Snapshot v1, https://goo.gl/fbAQLP

exports[`When using snapshots Form should render with an element children 1`] = `
<styled.span>
  <Form
    key=".0"
  >
    <div />
  </Form>
</styled.span>
`;
