// Jest Snapshot v1, https://goo.gl/fbAQLP

exports[`When using snapshots FormGroup should render with an element children 1`] = `
<span
  className="sc-bdVaJa lbJuWU"
>
  <div
    className="form-group sc-bwzfXH jtiegF"
  >
    <div />
  </div>
</span>
`;
