// Jest Snapshot v1, https://goo.gl/fbAQLP

exports[`When using snapshots Label should render with an element children 1`] = `
<Default__StyledSpan>
  <Form.Label
    className=""
    htmlFor=""
    key=".0"
  >
    <div />
  </Form.Label>
</Default__StyledSpan>
`;
