// Jest Snapshot v1, https://goo.gl/fbAQLP

exports[`When using snapshots Should render with an element children 1`] = `
<Default__StyledSpan>
  <List
    key=".0"
  >
    <div />
  </List>
</Default__StyledSpan>
`;
