// Jest Snapshot v1, https://goo.gl/fbAQLP

exports[`When using snapshots Should render with an element children 1`] = `
<span
  className="sc-bdVaJa lbJuWU"
>
  <div
    className="alert alert-info sc-EHOje fVpeSG"
  >
    <div />
  </div>
</span>
`;
