// Jest Snapshot v1, https://goo.gl/fbAQLP

exports[`When using snapshots Should render with an element children 1`] = `
<Default__StyledSpan>
  <IconPicker
    className=""
    key=".0"
    onChoose={null}
    selectedIcon={null}
    selectedStyle={null}
  >
    <div />
  </IconPicker>
</Default__StyledSpan>
`;
